#0 building with "default" instance using docker driver

#1 [internal] load build definition from Dockerfile
#1 transferring dockerfile: 454B done
#1 DONE 0.0s

#2 [internal] load metadata for docker.io/library/python:3.11-slim
#2 DONE 0.3s

#3 [internal] load .dockerignore
#3 transferring context: 2B done
#3 DONE 0.0s

#4 [internal] load build context
#4 transferring context: 67B done
#4 DONE 0.0s

#5 [1/5] FROM docker.io/library/python:3.11-slim@sha256:1042b61448fef4ba92d16a8c7eb4996d027568ce64792a7877fd88511e0af7c6
#5 resolve docker.io/library/python:3.11-slim@sha256:1042b61448fef4ba92d16a8c7eb4996d027568ce64792a7877fd88511e0af7c6 0.0s done
#5 DONE 0.0s

#6 [2/5] WORKDIR /webapp
#6 CACHED

#7 [3/5] COPY requirements.txt .
#7 DONE 0.0s

#8 [4/5] RUN pip install --no-cache-dir -r requirements.txt
#8 4.048 Collecting flask (from -r requirements.txt (line 1))
#8 4.611   Downloading flask-3.1.3-py3-none-any.whl.metadata (3.2 kB)
#8 5.300 Collecting blinker>=1.9.0 (from flask->-r requirements.txt (line 1))
#8 5.486   Downloading blinker-1.9.0-py3-none-any.whl.metadata (1.6 kB)
#8 5.963 Collecting click>=8.1.3 (from flask->-r requirements.txt (line 1))
#8 6.147   Downloading click-8.5.0-py3-none-any.whl.metadata (2.6 kB)
#8 6.383 Collecting itsdangerous>=2.2.0 (from flask->-r requirements.txt (line 1))
#8 6.562   Downloading itsdangerous-2.2.0-py3-none-any.whl.metadata (1.9 kB)
#8 6.895 Collecting jinja2>=3.1.2 (from flask->-r requirements.txt (line 1))
#8 7.110   Downloading jinja2-3.1.6-py3-none-any.whl.metadata (2.9 kB)
#8 8.678 Collecting markupsafe>=2.1.1 (from flask->-r requirements.txt (line 1))
#8 8.863   Downloading markupsafe-3.0.3-cp311-cp311-manylinux2014_x86_64.manylinux_2_17_x86_64.manylinux_2_28_x86_64.whl.metadata (2.7 kB)
#8 9.513 Collecting werkzeug>=3.1.0 (from flask->-r requirements.txt (line 1))
#8 10.03   Downloading werkzeug-3.1.8-py3-none-any.whl.metadata (4.0 kB)
#8 10.54 Downloading flask-3.1.3-py3-none-any.whl (103 kB)
#8 13.42    ━━━━━━━━━━━━━━━━━━━━━━━━━━━━━━━━━━━━━━━━ 103.4/103.4 kB 36.1 kB/s eta 0:00:00
#8 13.65 Downloading blinker-1.9.0-py3-none-any.whl (8.5 kB)
#8 14.42 Downloading click-8.5.0-py3-none-any.whl (125 kB)
#8 22.92    ━━━━━━━━━━━━━━━━━━━━━━━━━━━━━━━━━━━━━━━━ 125.3/125.3 kB 15.2 kB/s eta 0:00:00
#8 23.36 Downloading itsdangerous-2.2.0-py3-none-any.whl (16 kB)
#8 24.26 Downloading jinja2-3.1.6-py3-none-any.whl (134 kB)
#8 29.82    ━━━━━━━━━━━━━━━━━━━━━━━━━━━━━━━━━━━━━━━━ 134.9/134.9 kB 24.4 kB/s eta 0:00:00
#8 30.01 Downloading markupsafe-3.0.3-cp311-cp311-manylinux2014_x86_64.manylinux_2_17_x86_64.manylinux_2_28_x86_64.whl (22 kB)
#8 31.40 Downloading werkzeug-3.1.8-py3-none-any.whl (226 kB)
#8 40.87    ━━━━━━━━━━━━━━━━━━━━━━━━━━━━━━━━━━━━━━━━ 226.5/226.5 kB 25.0 kB/s eta 0:00:00
#8 40.96 Installing collected packages: markupsafe, itsdangerous, click, blinker, werkzeug, jinja2, flask
#8 41.42 Successfully installed blinker-1.9.0 click-8.5.0 flask-3.1.3 itsdangerous-2.2.0 jinja2-3.1.6 markupsafe-3.0.3 werkzeug-3.1.8
#8 41.42 WARNING: Running pip as the 'root' user can result in broken permissions and conflicting behaviour with the system package manager. It is recommended to use a virtual environment instead: https://pip.pypa.io/warnings/venv
#8 42.44 
#8 42.44 [notice] A new release of pip is available: 24.0 -> 26.2.1
#8 42.44 [notice] To update, run: pip install --upgrade pip
#8 DONE 42.6s

#9 [5/5] COPY acmeapp.py .
#9 DONE 0.1s

#10 exporting to image
#10 exporting layers
#10 exporting layers 0.8s done
#10 exporting manifest sha256:dd721d940bb6a71dc5e859398095173746d7e9f121e245eee7b6d17e91dd90a8 0.0s done
#10 exporting config sha256:993b35300b9de12f93854c697c68dd1fe20a684c00d11ba631feb9edda2a8be0 0.0s done
#10 exporting attestation manifest sha256:6dfbfbf0aa43bd789db1db1a089d79cb0e84da12035ae724b609ab73ccc7d7bd 0.0s done
#10 exporting manifest list sha256:ee4e92c9386c440f57fc759c950198b67c6b7d407251b362bd0e7bd48153d9b3 0.0s done
#10 naming to docker.io/library/acme-webapp:v1
#10 naming to docker.io/library/acme-webapp:v1 done
#10 unpacking to docker.io/library/acme-webapp:v1
#10 unpacking to docker.io/library/acme-webapp:v1 0.3s done
#10 DONE 1.2s
